#
# There is insufficient memory for the Java Runtime Environment to continue.
# Native memory allocation (malloc) failed to allocate 1048576 bytes. Error detail: AllocateHeap
# Possible reasons:
#   The system is out of physical RAM or swap space
#   This process is running with CompressedOops enabled, and the Java Heap may be blocking the growth of the native heap
# Possible solutions:
#   Reduce memory load on the system
#   Increase physical memory or swap space
#   Check if swap backing store is full
#   Decrease Java heap size (-Xmx/-Xms)
#   Decrease number of Java threads
#   Decrease Java thread stack sizes (-Xss)
#   Set larger code cache with -XX:ReservedCodeCacheSize=
#   JVM is running with Unscaled Compressed Oops mode in which the Java heap is
#     placed in the first 4GB address space. The Java Heap base address is the
#     maximum limit for the native heap growth. Please use -XX:HeapBaseMinAddress
#     to set the Java Heap base and to place the Java Heap above 4GB virtual address.
# This output file may be truncated or incomplete.
#
#  Out of Memory Error (allocation.cpp:44), pid=2064, tid=9544
#
# JRE version: OpenJDK Runtime Environment Temurin-21.0.10+7 (21.0.10+7) (build 21.0.10+7-LTS)
# Java VM: OpenJDK 64-Bit Server VM Temurin-21.0.10+7 (21.0.10+7-LTS, mixed mode, sharing, tiered, compressed oops, compressed class ptrs, parallel gc, windows-amd64)
# No core dump will be written. Minidumps are not enabled by default on client versions of Windows
#

---------------  S U M M A R Y ------------

Command Line: --add-modules=ALL-SYSTEM --add-opens=java.base/java.util=ALL-UNNAMED --add-opens=java.base/java.lang=ALL-UNNAMED --add-opens=java.base/sun.nio.fs=ALL-UNNAMED -Declipse.application=org.eclipse.jdt.ls.core.id1 -Dosgi.bundles.defaultStartLevel=4 -Declipse.product=org.eclipse.jdt.ls.core.product -Djava.import.generatesMetadataFilesAtProjectRoot=false -DDetectVMInstallationsJob.disabled=true -Dfile.encoding=utf8 -XX:+UseParallelGC -XX:GCTimeRatio=4 -XX:AdaptiveSizePolicyWeight=90 -Dsun.zip.disableMemoryMapping=true -Xmx2G -Xms100m -Xlog:disable -javaagent:c:\Users\danyl\.vscode\extensions\redhat.java-1.53.0-win32-x64\lombok\lombok-1.18.39-4050.jar -XX:+HeapDumpOnOutOfMemoryError -XX:HeapDumpPath=c:\Users\danyl\AppData\Roaming\Code\User\workspaceStorage\ce1606f5e781330cebca69eeea3814ad\redhat.java -Daether.dependencyCollector.impl=bf c:\Users\danyl\.vscode\extensions\redhat.java-1.53.0-win32-x64\server\plugins\org.eclipse.equinox.launcher_1.7.100.v20251111-0406.jar -configuration c:\Users\danyl\AppData\Roaming\Code\User\globalStorage\redhat.java\1.53.0\config_win -data c:\Users\danyl\AppData\Roaming\Code\User\workspaceStorage\ce1606f5e781330cebca69eeea3814ad\redhat.java\jdt_ws --pipe=\\.\pipe\lsp-d1c8d1b7f93f741f5df925eec6cd5fca-sock

Host: Intel(R) Pentium(R) CPU G620 @ 2.60GHz, 2 cores, 3G,  Windows 10 , 64 bit Build 19041 (10.0.19041.5915)
Time: Fri Apr 10 16:33:03 2026 Hora oficial do Brasil elapsed time: 3660.210115 seconds (0d 1h 1m 0s)

---------------  T H R E A D  ---------------

Current thread (0x000001fbf262c070):  JavaThread "Attach Listener" daemon [_thread_in_vm, id=9544, stack(0x000000f136a00000,0x000000f136b00000) (1024K)]

Stack: [0x000000f136a00000,0x000000f136b00000]
Native frames: (J=compiled Java code, j=interpreted, Vv=VM code, C=native code)
V  [jvm.dll+0x6d7a39]
V  [jvm.dll+0x8b4b26]
V  [jvm.dll+0x8b70de]
V  [jvm.dll+0x8b77c3]
V  [jvm.dll+0x284346]
V  [jvm.dll+0xc1277]
V  [jvm.dll+0x6d82e9]
V  [jvm.dll+0x1334a6]
V  [jvm.dll+0x3f857e]
V  [jvm.dll+0x85f59d]
V  [jvm.dll+0x6d626d]
C  [ucrtbase.dll+0x21bb2]
C  [KERNEL32.DLL+0x17374]
C  [ntdll.dll+0x4cc91]


---------------  P R O C E S S  ---------------

Threads class SMR info:
_java_thread_list=0x000001fbf98ee100, length=28, elements={
0x000001fbdbc80c20, 0x000001fbf26264e0, 0x000001fbf2627b30, 0x000001fbf262b410,
0x000001fbf262c070, 0x000001fbf262ebe0, 0x000001fbf262f640, 0x000001fbf2630480,
0x000001fbf26a8d70, 0x000001fbf70f50b0, 0x000001fbf720c680, 0x000001fbf70e8ee0,
0x000001fbf77c9cb0, 0x000001fbf77c9460, 0x000001fbf7379aa0, 0x000001fbf7b6d430,
0x000001fbf7b63ca0, 0x000001fbf770b130, 0x000001fbf7f3f530, 0x000001fbf7f3c740,
0x000001fbf7f3e810, 0x000001fbf7f3eea0, 0x000001fbf7e60970, 0x000001fbf7e61690,
0x000001fbf7e64b10, 0x000001fbf7e602e0, 0x000001fbf7e630d0, 0x000001fbf886d6a0
}

Java Threads: ( => current thread )
  0x000001fbdbc80c20 JavaThread "main"                              [_thread_blocked, id=11072, stack(0x000000f136300000,0x000000f136400000) (1024K)]
  0x000001fbf26264e0 JavaThread "Reference Handler"          daemon [_thread_blocked, id=8932, stack(0x000000f136700000,0x000000f136800000) (1024K)]
  0x000001fbf2627b30 JavaThread "Finalizer"                  daemon [_thread_blocked, id=5136, stack(0x000000f136800000,0x000000f136900000) (1024K)]
  0x000001fbf262b410 JavaThread "Signal Dispatcher"          daemon [_thread_blocked, id=8580, stack(0x000000f136900000,0x000000f136a00000) (1024K)]
=>0x000001fbf262c070 JavaThread "Attach Listener"            daemon [_thread_in_vm, id=9544, stack(0x000000f136a00000,0x000000f136b00000) (1024K)]
  0x000001fbf262ebe0 JavaThread "Service Thread"             daemon [_thread_blocked, id=8776, stack(0x000000f136b00000,0x000000f136c00000) (1024K)]
  0x000001fbf262f640 JavaThread "Monitor Deflation Thread"   daemon [_thread_blocked, id=14744, stack(0x000000f136c00000,0x000000f136d00000) (1024K)]
  0x000001fbf2630480 JavaThread "C2 CompilerThread0"         daemon [_thread_blocked, id=4836, stack(0x000000f136d00000,0x000000f136e00000) (1024K)]
  0x000001fbf26a8d70 JavaThread "C1 CompilerThread0"         daemon [_thread_blocked, id=11140, stack(0x000000f136e00000,0x000000f136f00000) (1024K)]
  0x000001fbf70f50b0 JavaThread "Common-Cleaner"             daemon [_thread_blocked, id=6104, stack(0x000000f136f00000,0x000000f137000000) (1024K)]
  0x000001fbf720c680 JavaThread "Notification Thread"        daemon [_thread_blocked, id=14384, stack(0x000000f137000000,0x000000f137100000) (1024K)]
  0x000001fbf70e8ee0 JavaThread "Active Thread: Equinox Container: 6453f204-3ded-4ad1-a9fb-4e48a2c35ed9"        [_thread_blocked, id=8944, stack(0x000000f137200000,0x000000f137300000) (1024K)]
  0x000001fbf77c9cb0 JavaThread "Refresh Thread: Equinox Container: 6453f204-3ded-4ad1-a9fb-4e48a2c35ed9" daemon [_thread_blocked, id=4760, stack(0x000000f137300000,0x000000f137400000) (1024K)]
  0x000001fbf77c9460 JavaThread "Framework Event Dispatcher: Equinox Container: 6453f204-3ded-4ad1-a9fb-4e48a2c35ed9" daemon [_thread_blocked, id=15148, stack(0x000000f137400000,0x000000f137500000) (1024K)]
  0x000001fbf7379aa0 JavaThread "Start Level: Equinox Container: 6453f204-3ded-4ad1-a9fb-4e48a2c35ed9" daemon [_thread_blocked, id=14404, stack(0x000000f137500000,0x000000f137600000) (1024K)]
  0x000001fbf7b6d430 JavaThread "Bundle File Closer"         daemon [_thread_blocked, id=13576, stack(0x000000f137600000,0x000000f137700000) (1024K)]
  0x000001fbf7b63ca0 JavaThread "SCR Component Actor"        daemon [_thread_blocked, id=6380, stack(0x000000f136200000,0x000000f136300000) (1024K)]
  0x000001fbf770b130 JavaThread "Worker-JM"                         [_thread_blocked, id=4052, stack(0x000000f137700000,0x000000f137800000) (1024K)]
  0x000001fbf7f3f530 JavaThread "JNA Cleaner"                daemon [_thread_blocked, id=9664, stack(0x000000f137900000,0x000000f137a00000) (1024K)]
  0x000001fbf7f3c740 JavaThread "Java indexing"              daemon [_thread_blocked, id=14844, stack(0x000000f137d00000,0x000000f137e00000) (1024K)]
  0x000001fbf7f3e810 JavaThread "Worker-3"                          [_thread_blocked, id=12112, stack(0x000000f137e00000,0x000000f137f00000) (1024K)]
  0x000001fbf7f3eea0 JavaThread "Thread-1"                   daemon [_thread_in_native, id=9888, stack(0x000000f138000000,0x000000f138100000) (1024K)]
  0x000001fbf7e60970 JavaThread "Thread-2"                   daemon [_thread_in_native, id=14128, stack(0x000000f138100000,0x000000f138200000) (1024K)]
  0x000001fbf7e61690 JavaThread "Thread-3"                   daemon [_thread_in_native, id=5844, stack(0x000000f138200000,0x000000f138300000) (1024K)]
  0x000001fbf7e64b10 JavaThread "pool-2-thread-1"                   [_thread_blocked, id=7396, stack(0x000000f138300000,0x000000f138400000) (1024K)]
  0x000001fbf7e602e0 JavaThread "WorkspaceEventsHandler"            [_thread_blocked, id=9512, stack(0x000000f138400000,0x000000f138500000) (1024K)]
  0x000001fbf7e630d0 JavaThread "pool-1-thread-1"                   [_thread_blocked, id=9184, stack(0x000000f138500000,0x000000f138600000) (1024K)]
  0x000001fbf886d6a0 JavaThread "Worker-7"                          [_thread_blocked, id=8044, stack(0x000000f137b00000,0x000000f137c00000) (1024K)]
Total: 28

Other Threads:
  0x000001fbf260c990 VMThread "VM Thread"                           [id=2452, stack(0x000000f136600000,0x000000f136700000) (1024K)]
  0x000001fbf25c1ae0 WatcherThread "VM Periodic Task Thread"        [id=8700, stack(0x000000f136500000,0x000000f136600000) (1024K)]
  0x000001fbdbc9d370 WorkerThread "GC Thread#0"                     [id=14916, stack(0x000000f136400000,0x000000f136500000) (1024K)]
  0x000001fbf76268d0 WorkerThread "GC Thread#1"                     [id=11900, stack(0x000000f137100000,0x000000f137200000) (1024K)]
Total: 4

Threads with active compile tasks:
Total: 0

VM state: not at safepoint (normal execution)

VM Mutex/Monitor currently owned by a thread: None

Heap address: 0x0000000080000000, size: 2048 MB, Compressed Oops mode: 32-bit

CDS archive(s) mapped at: [0x000001fb80000000-0x000001fb80ba0000-0x000001fb80ba0000), size 12189696, SharedBaseAddress: 0x000001fb80000000, ArchiveRelocationMode: 1.
Compressed class space mapped at: 0x000001fb81000000-0x000001fbc1000000, reserved size: 1073741824
Narrow klass base: 0x000001fb80000000, Narrow klass shift: 0, Narrow klass range: 0x100000000

GC Precious Log:
 CardTable entry size: 512
 CPUs: 2 total, 2 available
 Memory: 3948M
 Large Page Support: Disabled
 NUMA Support: Disabled
 Compressed Oops: Enabled (32-bit)
 Alignments: Space 512K, Generation 512K, Heap 2M
 Heap Min Capacity: 100M
 Heap Initial Capacity: 100M
 Heap Max Capacity: 2G
 Pre-touch: Disabled
 Parallel Workers: 2

Heap:
 PSYoungGen      total 7680K, used 1908K [0x00000000d5580000, 0x00000000d5e00000, 0x0000000100000000)
  eden space 6144K, 30% used [0x00000000d5580000,0x00000000d574d0e0,0x00000000d5b80000)
  from space 1536K, 4% used [0x00000000d5b80000,0x00000000d5b90000,0x00000000d5d00000)
  to   space 512K, 0% used [0x00000000d5d80000,0x00000000d5d80000,0x00000000d5e00000)
 ParOldGen       total 99840K, used 99664K [0x0000000080000000, 0x0000000086180000, 0x00000000d5580000)
  object space 99840K, 99% used [0x0000000080000000,0x0000000086154170,0x0000000086180000)
 Metaspace       used 69363K, committed 70848K, reserved 1114112K
  class space    used 7324K, committed 7936K, reserved 1048576K

Card table byte_map: [0x000001fbdb630000,0x000001fbdba40000] _byte_map_base: 0x000001fbdb230000

Marking Bits: (ParMarkBitMap*) 0x00007ff98d773450
 Begin Bits: [0x000001fbee140000, 0x000001fbf0140000)
 End Bits:   [0x000001fbf0140000, 0x000001fbf2140000)

Polling page: 0x000001fbd9970000

Metaspace:

Usage:
  Non-class:     60.59 MB used.
      Class:      7.15 MB used.
       Both:     67.74 MB used.

Virtual space:
  Non-class space:       64.00 MB reserved,      61.44 MB ( 96%) committed,  1 nodes.
      Class space:        1.00 GB reserved,       7.75 MB ( <1%) committed,  1 nodes.
             Both:        1.06 GB reserved,      69.19 MB (  6%) committed. 

Chunk freelists:
   Non-Class:  2.08 MB
       Class:  8.19 MB
        Both:  10.27 MB

MaxMetaspaceSize: unlimited
CompressedClassSpaceSize: 1.00 GB
Initial GC threshold: 21.00 MB
Current GC threshold: 97.31 MB
CDS: on
 - commit_granule_bytes: 65536.
 - commit_granule_words: 8192.
 - virtual_space_node_default_size: 8388608.
 - enlarge_chunks_in_place: 1.
 - use_allocation_guard: 0.


Internal statistics:

num_allocs_failed_limit: 9.
num_arena_births: 1268.
num_arena_deaths: 14.
num_vsnodes_births: 2.
num_vsnodes_deaths: 0.
num_space_committed: 1107.
num_space_uncommitted: 0.
num_chunks_returned_to_freelist: 23.
num_chunks_taken_from_freelist: 4306.
num_chunk_merges: 11.
num_chunk_splits: 2677.
num_chunks_enlarged: 1553.
num_inconsistent_stats: 0.

CodeHeap 'non-profiled nmethods': size=120064Kb used=8791Kb max_used=8791Kb free=111272Kb
 bounds [0x000001fbe6950000, 0x000001fbe71f0000, 0x000001fbede90000]
CodeHeap 'profiled nmethods': size=120000Kb used=28151Kb max_used=28151Kb free=91848Kb
 bounds [0x000001fbdee90000, 0x000001fbe0a10000, 0x000001fbe63c0000]
CodeHeap 'non-nmethods': size=5696Kb used=1461Kb max_used=1513Kb free=4234Kb
 bounds [0x000001fbe63c0000, 0x000001fbe6630000, 0x000001fbe6950000]
CodeCache: size=245760Kb, used=38403Kb, max_used=38455Kb, free=207354Kb
 total_blobs=12567, nmethods=11789, adapters=684, full_count=0
Compilation: enabled, stopped_count=0, restarted_count=0

Compilation events (20 events):
Event: 3079.081 Thread 0x000001fbf2630480 12734       4       org.eclipse.core.internal.utils.StringPool::add (50 bytes)
Event: 3079.247 Thread 0x000001fbf2630480 nmethod 12734 0x000001fbe71e4c10 code [0x000001fbe71e4e60, 0x000001fbe71e5788]
Event: 3098.424 Thread 0x000001fbf26a8d70 12735       3       java.util.Optional::get (22 bytes)
Event: 3098.430 Thread 0x000001fbf26a8d70 nmethod 12735 0x000001fbe0a08f10 code [0x000001fbe0a090c0, 0x000001fbe0a092e0]
Event: 3118.539 Thread 0x000001fbf26a8d70 12736   !   3       java.util.concurrent.ScheduledThreadPoolExecutor$DelayedWorkQueue::offer (123 bytes)
Event: 3118.606 Thread 0x000001fbf26a8d70 nmethod 12736 0x000001fbe0a09410 code [0x000001fbe0a09720, 0x000001fbe0a0aab0]
Event: 3138.553 Thread 0x000001fbf26a8d70 12738       3       java.lang.ProcessHandleImpl::<init> (15 bytes)
Event: 3138.555 Thread 0x000001fbf26a8d70 nmethod 12738 0x000001fbe0a0b310 code [0x000001fbe0a0b4c0, 0x000001fbe0a0b630]
Event: 3138.555 Thread 0x000001fbf26a8d70 12739       3       java.util.concurrent.ScheduledThreadPoolExecutor$ScheduledFutureTask::setNextRunTime (38 bytes)
Event: 3138.559 Thread 0x000001fbf26a8d70 nmethod 12739 0x000001fbe0a0b710 code [0x000001fbe0a0b8c0, 0x000001fbe0a0bb50]
Event: 3138.559 Thread 0x000001fbf26a8d70 12740       3       java.util.concurrent.ScheduledThreadPoolExecutor::reExecutePeriodic (49 bytes)
Event: 3138.576 Thread 0x000001fbf26a8d70 nmethod 12740 0x000001fbe0a0bc10 code [0x000001fbe0a0be40, 0x000001fbe0a0c5c0]
Event: 3148.659 Thread 0x000001fbf26a8d70 12741       3       java.lang.ProcessHandleImpl::get (51 bytes)
Event: 3148.683 Thread 0x000001fbf26a8d70 nmethod 12741 0x000001fbe0a0c810 code [0x000001fbe0a0ca20, 0x000001fbe0a0d028]
Event: 3168.676 Thread 0x000001fbf26a8d70 12742       3       java.lang.ProcessHandle::of (5 bytes)
Event: 3168.676 Thread 0x000001fbf26a8d70 nmethod 12742 0x000001fbe0a0d290 code [0x000001fbe0a0d440, 0x000001fbe0a0d558]
Event: 3168.676 Thread 0x000001fbf26a8d70 12743       3       java.lang.ProcessHandleImpl::isAlive (44 bytes)
Event: 3168.677 Thread 0x000001fbf26a8d70 nmethod 12743 0x000001fbe0a0d610 code [0x000001fbe0a0d7c0, 0x000001fbe0a0da20]
Event: 3362.010 Thread 0x000001fbf26a8d70 12744       3       sun.nio.ch.Invoker$GroupAndInvokeCount::resetInvokeCount (6 bytes)
Event: 3362.022 Thread 0x000001fbf26a8d70 nmethod 12744 0x000001fbe0a0db10 code [0x000001fbe0a0dca0, 0x000001fbe0a0ddb0]

GC Heap History (20 events):
Event: 332.769 GC heap before
{Heap before GC invocations=101 (full 3):
 PSYoungGen      total 7680K, used 7429K [0x00000000d5580000, 0x00000000d6200000, 0x0000000100000000)
  eden space 6144K, 100% used [0x00000000d5580000,0x00000000d5b80000,0x00000000d5b80000)
  from space 1536K, 83% used [0x00000000d5b80000,0x00000000d5cc17a8,0x00000000d5d00000)
  to   space 2560K, 0% used [0x00000000d5f80000,0x00000000d5f80000,0x00000000d6200000)
 ParOldGen       total 91648K, used 91513K [0x0000000080000000, 0x0000000085980000, 0x00000000d5580000)
  object space 91648K, 99% used [0x0000000080000000,0x000000008595e710,0x0000000085980000)
 Metaspace       used 67749K, committed 69312K, reserved 1114112K
  class space    used 7150K, committed 7808K, reserved 1048576K
}
Event: 332.772 GC heap after
{Heap after GC invocations=101 (full 3):
 PSYoungGen      total 8192K, used 1610K [0x00000000d5580000, 0x00000000d6180000, 0x0000000100000000)
  eden space 6144K, 0% used [0x00000000d5580000,0x00000000d5580000,0x00000000d5b80000)
  from space 2048K, 78% used [0x00000000d5f80000,0x00000000d6112b68,0x00000000d6180000)
  to   space 2048K, 0% used [0x00000000d5d80000,0x00000000d5d80000,0x00000000d5f80000)
 ParOldGen       total 92160K, used 91803K [0x0000000080000000, 0x0000000085a00000, 0x00000000d5580000)
  object space 92160K, 99% used [0x0000000080000000,0x00000000859a6e88,0x0000000085a00000)
 Metaspace       used 67749K, committed 69312K, reserved 1114112K
  class space    used 7150K, committed 7808K, reserved 1048576K
}
Event: 333.061 GC heap before
{Heap before GC invocations=102 (full 3):
 PSYoungGen      total 8192K, used 7660K [0x00000000d5580000, 0x00000000d6180000, 0x0000000100000000)
  eden space 6144K, 98% used [0x00000000d5580000,0x00000000d5b68768,0x00000000d5b80000)
  from space 2048K, 78% used [0x00000000d5f80000,0x00000000d6112b68,0x00000000d6180000)
  to   space 2048K, 0% used [0x00000000d5d80000,0x00000000d5d80000,0x00000000d5f80000)
 ParOldGen       total 92160K, used 91803K [0x0000000080000000, 0x0000000085a00000, 0x00000000d5580000)
  object space 92160K, 99% used [0x0000000080000000,0x00000000859a6e88,0x0000000085a00000)
 Metaspace       used 67751K, committed 69312K, reserved 1114112K
  class space    used 7150K, committed 7808K, reserved 1048576K
}
Event: 333.065 GC heap after
{Heap after GC invocations=102 (full 3):
 PSYoungGen      total 8192K, used 1923K [0x00000000d5580000, 0x00000000d6000000, 0x0000000100000000)
  eden space 6144K, 0% used [0x00000000d5580000,0x00000000d5580000,0x00000000d5b80000)
  from space 2048K, 93% used [0x00000000d5d80000,0x00000000d5f60de0,0x00000000d5f80000)
  to   space 512K, 0% used [0x00000000d5f80000,0x00000000d5f80000,0x00000000d6000000)
 ParOldGen       total 93184K, used 92902K [0x0000000080000000, 0x0000000085b00000, 0x00000000d5580000)
  object space 93184K, 99% used [0x0000000080000000,0x0000000085ab9be8,0x0000000085b00000)
 Metaspace       used 67751K, committed 69312K, reserved 1114112K
  class space    used 7150K, committed 7808K, reserved 1048576K
}
Event: 333.117 GC heap before
{Heap before GC invocations=103 (full 3):
 PSYoungGen      total 8192K, used 8067K [0x00000000d5580000, 0x00000000d6000000, 0x0000000100000000)
  eden space 6144K, 100% used [0x00000000d5580000,0x00000000d5b80000,0x00000000d5b80000)
  from space 2048K, 93% used [0x00000000d5d80000,0x00000000d5f60de0,0x00000000d5f80000)
  to   space 512K, 0% used [0x00000000d5f80000,0x00000000d5f80000,0x00000000d6000000)
 ParOldGen       total 93184K, used 92902K [0x0000000080000000, 0x0000000085b00000, 0x00000000d5580000)
  object space 93184K, 99% used [0x0000000080000000,0x0000000085ab9be8,0x0000000085b00000)
 Metaspace       used 67759K, committed 69312K, reserved 1114112K
  class space    used 7150K, committed 7808K, reserved 1048576K
}
Event: 333.130 GC heap after
{Heap after GC invocations=103 (full 3):
 PSYoungGen      total 6656K, used 483K [0x00000000d5580000, 0x00000000d6280000, 0x0000000100000000)
  eden space 6144K, 0% used [0x00000000d5580000,0x00000000d5580000,0x00000000d5b80000)
  from space 512K, 94% used [0x00000000d5f80000,0x00000000d5ff8fc8,0x00000000d6000000)
  to   space 3584K, 0% used [0x00000000d5b80000,0x00000000d5b80000,0x00000000d5f00000)
 ParOldGen       total 95744K, used 95419K [0x0000000080000000, 0x0000000085d80000, 0x00000000d5580000)
  object space 95744K, 99% used [0x0000000080000000,0x0000000085d2ef08,0x0000000085d80000)
 Metaspace       used 67759K, committed 69312K, reserved 1114112K
  class space    used 7150K, committed 7808K, reserved 1048576K
}
Event: 333.347 GC heap before
{Heap before GC invocations=104 (full 3):
 PSYoungGen      total 6656K, used 6627K [0x00000000d5580000, 0x00000000d6280000, 0x0000000100000000)
  eden space 6144K, 100% used [0x00000000d5580000,0x00000000d5b80000,0x00000000d5b80000)
  from space 512K, 94% used [0x00000000d5f80000,0x00000000d5ff8fc8,0x00000000d6000000)
  to   space 3584K, 0% used [0x00000000d5b80000,0x00000000d5b80000,0x00000000d5f00000)
 ParOldGen       total 95744K, used 95419K [0x0000000080000000, 0x0000000085d80000, 0x00000000d5580000)
  object space 95744K, 99% used [0x0000000080000000,0x0000000085d2ef08,0x0000000085d80000)
 Metaspace       used 67760K, committed 69312K, reserved 1114112K
  class space    used 7150K, committed 7808K, reserved 1048576K
}
Event: 333.349 GC heap after
{Heap after GC invocations=104 (full 3):
 PSYoungGen      total 7168K, used 945K [0x00000000d5580000, 0x00000000d6000000, 0x0000000100000000)
  eden space 6144K, 0% used [0x00000000d5580000,0x00000000d5580000,0x00000000d5b80000)
  from space 1024K, 92% used [0x00000000d5b80000,0x00000000d5c6c4e0,0x00000000d5c80000)
  to   space 2048K, 0% used [0x00000000d5e00000,0x00000000d5e00000,0x00000000d6000000)
 ParOldGen       total 96256K, used 95896K [0x0000000080000000, 0x0000000085e00000, 0x00000000d5580000)
  object space 96256K, 99% used [0x0000000080000000,0x0000000085da60a0,0x0000000085e00000)
 Metaspace       used 67760K, committed 69312K, reserved 1114112K
  class space    used 7150K, committed 7808K, reserved 1048576K
}
Event: 333.365 GC heap before
{Heap before GC invocations=105 (full 3):
 PSYoungGen      total 7168K, used 7089K [0x00000000d5580000, 0x00000000d6000000, 0x0000000100000000)
  eden space 6144K, 100% used [0x00000000d5580000,0x00000000d5b80000,0x00000000d5b80000)
  from space 1024K, 92% used [0x00000000d5b80000,0x00000000d5c6c4e0,0x00000000d5c80000)
  to   space 2048K, 0% used [0x00000000d5e00000,0x00000000d5e00000,0x00000000d6000000)
 ParOldGen       total 96256K, used 95896K [0x0000000080000000, 0x0000000085e00000, 0x00000000d5580000)
  object space 96256K, 99% used [0x0000000080000000,0x0000000085da60a0,0x0000000085e00000)
 Metaspace       used 67761K, committed 69312K, reserved 1114112K
  class space    used 7150K, committed 7808K, reserved 1048576K
}
Event: 333.367 GC heap after
{Heap after GC invocations=105 (full 3):
 PSYoungGen      total 7168K, used 521K [0x00000000d5580000, 0x00000000d5f00000, 0x0000000100000000)
  eden space 6144K, 0% used [0x00000000d5580000,0x00000000d5580000,0x00000000d5b80000)
  from space 1024K, 50% used [0x00000000d5e00000,0x00000000d5e82738,0x00000000d5f00000)
  to   space 1024K, 0% used [0x00000000d5b80000,0x00000000d5b80000,0x00000000d5c80000)
 ParOldGen       total 96768K, used 96583K [0x0000000080000000, 0x0000000085e80000, 0x00000000d5580000)
  object space 96768K, 99% used [0x0000000080000000,0x0000000085e51c60,0x0000000085e80000)
 Metaspace       used 67761K, committed 69312K, reserved 1114112K
  class space    used 7150K, committed 7808K, reserved 1048576K
}
Event: 333.491 GC heap before
{Heap before GC invocations=106 (full 3):
 PSYoungGen      total 7168K, used 6594K [0x00000000d5580000, 0x00000000d5f00000, 0x0000000100000000)
  eden space 6144K, 98% used [0x00000000d5580000,0x00000000d5b6e2b8,0x00000000d5b80000)
  from space 1024K, 50% used [0x00000000d5e00000,0x00000000d5e82738,0x00000000d5f00000)
  to   space 1024K, 0% used [0x00000000d5b80000,0x00000000d5b80000,0x00000000d5c80000)
 ParOldGen       total 96768K, used 96583K [0x0000000080000000, 0x0000000085e80000, 0x00000000d5580000)
  object space 96768K, 99% used [0x0000000080000000,0x0000000085e51c60,0x0000000085e80000)
 Metaspace       used 67766K, committed 69312K, reserved 1114112K
  class space    used 7150K, committed 7808K, reserved 1048576K
}
Event: 333.493 GC heap after
{Heap after GC invocations=106 (full 3):
 PSYoungGen      total 7168K, used 1017K [0x00000000d5580000, 0x00000000d5e80000, 0x0000000100000000)
  eden space 6144K, 0% used [0x00000000d5580000,0x00000000d5580000,0x00000000d5b80000)
  from space 1024K, 99% used [0x00000000d5b80000,0x00000000d5c7e768,0x00000000d5c80000)
  to   space 1536K, 0% used [0x00000000d5d00000,0x00000000d5d00000,0x00000000d5e80000)
 ParOldGen       total 97280K, used 96903K [0x0000000080000000, 0x0000000085f00000, 0x00000000d5580000)
  object space 97280K, 99% used [0x0000000080000000,0x0000000085ea1c60,0x0000000085f00000)
 Metaspace       used 67766K, committed 69312K, reserved 1114112K
  class space    used 7150K, committed 7808K, reserved 1048576K
}
Event: 336.115 GC heap before
{Heap before GC invocations=107 (full 3):
 PSYoungGen      total 7168K, used 7161K [0x00000000d5580000, 0x00000000d5e80000, 0x0000000100000000)
  eden space 6144K, 100% used [0x00000000d5580000,0x00000000d5b80000,0x00000000d5b80000)
  from space 1024K, 99% used [0x00000000d5b80000,0x00000000d5c7e768,0x00000000d5c80000)
  to   space 1536K, 0% used [0x00000000d5d00000,0x00000000d5d00000,0x00000000d5e80000)
 ParOldGen       total 97280K, used 96903K [0x0000000080000000, 0x0000000085f00000, 0x00000000d5580000)
  object space 97280K, 99% used [0x0000000080000000,0x0000000085ea1c60,0x0000000085f00000)
 Metaspace       used 68423K, committed 69952K, reserved 1114112K
  class space    used 7216K, committed 7872K, reserved 1048576K
}
Event: 336.117 GC heap after
{Heap after GC invocations=107 (full 3):
 PSYoungGen      total 7168K, used 620K [0x00000000d5580000, 0x00000000d5e00000, 0x0000000100000000)
  eden space 6144K, 0% used [0x00000000d5580000,0x00000000d5580000,0x00000000d5b80000)
  from space 1024K, 60% used [0x00000000d5d00000,0x00000000d5d9b260,0x00000000d5e00000)
  to   space 1024K, 0% used [0x00000000d5b80000,0x00000000d5b80000,0x00000000d5c80000)
 ParOldGen       total 97792K, used 97433K [0x0000000080000000, 0x0000000085f80000, 0x00000000d5580000)
  object space 97792K, 99% used [0x0000000080000000,0x0000000085f26430,0x0000000085f80000)
 Metaspace       used 68423K, committed 69952K, reserved 1114112K
  class space    used 7216K, committed 7872K, reserved 1048576K
}
Event: 336.947 GC heap before
{Heap before GC invocations=108 (full 3):
 PSYoungGen      total 7168K, used 6718K [0x00000000d5580000, 0x00000000d5e00000, 0x0000000100000000)
  eden space 6144K, 99% used [0x00000000d5580000,0x00000000d5b74900,0x00000000d5b80000)
  from space 1024K, 60% used [0x00000000d5d00000,0x00000000d5d9b260,0x00000000d5e00000)
  to   space 1024K, 0% used [0x00000000d5b80000,0x00000000d5b80000,0x00000000d5c80000)
 ParOldGen       total 97792K, used 97433K [0x0000000080000000, 0x0000000085f80000, 0x00000000d5580000)
  object space 97792K, 99% used [0x0000000080000000,0x0000000085f26430,0x0000000085f80000)
 Metaspace       used 68969K, committed 70528K, reserved 1114112K
  class space    used 7277K, committed 7936K, reserved 1048576K
}
Event: 336.952 GC heap after
{Heap after GC invocations=108 (full 3):
 PSYoungGen      total 7168K, used 1024K [0x00000000d5580000, 0x00000000d5f80000, 0x0000000100000000)
  eden space 6144K, 0% used [0x00000000d5580000,0x00000000d5580000,0x00000000d5b80000)
  from space 1024K, 100% used [0x00000000d5b80000,0x00000000d5c80000,0x00000000d5c80000)
  to   space 2048K, 0% used [0x00000000d5d80000,0x00000000d5d80000,0x00000000d5f80000)
 ParOldGen       total 98304K, used 98117K [0x0000000080000000, 0x0000000086000000, 0x00000000d5580000)
  object space 98304K, 99% used [0x0000000080000000,0x0000000085fd1780,0x0000000086000000)
 Metaspace       used 68969K, committed 70528K, reserved 1114112K
  class space    used 7277K, committed 7936K, reserved 1048576K
}
Event: 440.407 GC heap before
{Heap before GC invocations=109 (full 3):
 PSYoungGen      total 7168K, used 7168K [0x00000000d5580000, 0x00000000d5f80000, 0x0000000100000000)
  eden space 6144K, 100% used [0x00000000d5580000,0x00000000d5b80000,0x00000000d5b80000)
  from space 1024K, 100% used [0x00000000d5b80000,0x00000000d5c80000,0x00000000d5c80000)
  to   space 2048K, 0% used [0x00000000d5d80000,0x00000000d5d80000,0x00000000d5f80000)
 ParOldGen       total 98304K, used 98117K [0x0000000080000000, 0x0000000086000000, 0x00000000d5580000)
  object space 98304K, 99% used [0x0000000080000000,0x0000000085fd1780,0x0000000086000000)
 Metaspace       used 69321K, committed 70784K, reserved 1114112K
  class space    used 7324K, committed 7936K, reserved 1048576K
}
Event: 440.848 GC heap after
{Heap after GC invocations=109 (full 3):
 PSYoungGen      total 7168K, used 640K [0x00000000d5580000, 0x00000000d5e80000, 0x0000000100000000)
  eden space 6144K, 0% used [0x00000000d5580000,0x00000000d5580000,0x00000000d5b80000)
  from space 1024K, 62% used [0x00000000d5d80000,0x00000000d5e20020,0x00000000d5e80000)
  to   space 1536K, 0% used [0x00000000d5b80000,0x00000000d5b80000,0x00000000d5d00000)
 ParOldGen       total 99328K, used 99132K [0x0000000080000000, 0x0000000086100000, 0x00000000d5580000)
  object space 99328K, 99% used [0x0000000080000000,0x00000000860cf210,0x0000000086100000)
 Metaspace       used 69321K, committed 70784K, reserved 1114112K
  class space    used 7324K, committed 7936K, reserved 1048576K
}
Event: 2638.612 GC heap before
{Heap before GC invocations=110 (full 3):
 PSYoungGen      total 7168K, used 6784K [0x00000000d5580000, 0x00000000d5e80000, 0x0000000100000000)
  eden space 6144K, 100% used [0x00000000d5580000,0x00000000d5b80000,0x00000000d5b80000)
  from space 1024K, 62% used [0x00000000d5d80000,0x00000000d5e20020,0x00000000d5e80000)
  to   space 1536K, 0% used [0x00000000d5b80000,0x00000000d5b80000,0x00000000d5d00000)
 ParOldGen       total 99328K, used 99132K [0x0000000080000000, 0x0000000086100000, 0x00000000d5580000)
  object space 99328K, 99% used [0x0000000080000000,0x00000000860cf210,0x0000000086100000)
 Metaspace       used 69350K, committed 70848K, reserved 1114112K
  class space    used 7324K, committed 7936K, reserved 1048576K
}
Event: 2639.203 GC heap after
{Heap after GC invocations=110 (full 3):
 PSYoungGen      total 7680K, used 64K [0x00000000d5580000, 0x00000000d5e00000, 0x0000000100000000)
  eden space 6144K, 0% used [0x00000000d5580000,0x00000000d5580000,0x00000000d5b80000)
  from space 1536K, 4% used [0x00000000d5b80000,0x00000000d5b90000,0x00000000d5d00000)
  to   space 512K, 0% used [0x00000000d5d80000,0x00000000d5d80000,0x00000000d5e00000)
 ParOldGen       total 99840K, used 99664K [0x0000000080000000, 0x0000000086180000, 0x00000000d5580000)
  object space 99840K, 99% used [0x0000000080000000,0x0000000086154170,0x0000000086180000)
 Metaspace       used 69350K, committed 70848K, reserved 1114112K
  class space    used 7324K, committed 7936K, reserved 1048576K
}

Dll operation events (12 events):
Event: 0.020 Loaded shared library c:\Users\danyl\.vscode\extensions\redhat.java-1.53.0-win32-x64\jre\21.0.10-win32-x86_64\bin\java.dll
Event: 0.840 Loaded shared library c:\Users\danyl\.vscode\extensions\redhat.java-1.53.0-win32-x64\jre\21.0.10-win32-x86_64\bin\zip.dll
Event: 0.966 Loaded shared library C:\Users\danyl\.vscode\extensions\redhat.java-1.53.0-win32-x64\jre\21.0.10-win32-x86_64\bin\instrument.dll
Event: 1.000 Loaded shared library C:\Users\danyl\.vscode\extensions\redhat.java-1.53.0-win32-x64\jre\21.0.10-win32-x86_64\bin\net.dll
Event: 1.005 Loaded shared library C:\Users\danyl\.vscode\extensions\redhat.java-1.53.0-win32-x64\jre\21.0.10-win32-x86_64\bin\nio.dll
Event: 1.018 Loaded shared library C:\Users\danyl\.vscode\extensions\redhat.java-1.53.0-win32-x64\jre\21.0.10-win32-x86_64\bin\zip.dll
Event: 1.202 Loaded shared library C:\Users\danyl\.vscode\extensions\redhat.java-1.53.0-win32-x64\jre\21.0.10-win32-x86_64\bin\jimage.dll
Event: 1.722 Loaded shared library c:\Users\danyl\.vscode\extensions\redhat.java-1.53.0-win32-x64\jre\21.0.10-win32-x86_64\bin\verify.dll
Event: 34.363 Loaded shared library C:\Users\danyl\AppData\Roaming\Code\User\globalStorage\redhat.java\1.53.0\config_win\org.eclipse.equinox.launcher\org.eclipse.equinox.launcher.win32.win32.x86_64_1.3.0.v20260203-2149\eclipse_11919.dll
Event: 71.336 Loaded shared library C:\Users\danyl\AppData\Local\Temp\jna--1191932217\jna6841393530477474311.dll
Event: 92.973 Loaded shared library C:\Users\danyl\.vscode\extensions\redhat.java-1.53.0-win32-x64\jre\21.0.10-win32-x86_64\bin\sunmscapi.dll
Event: 96.571 Loaded shared library C:\Users\danyl\.vscode\extensions\redhat.java-1.53.0-win32-x64\jre\21.0.10-win32-x86_64\bin\extnet.dll

Deoptimization events (20 events):
Event: 337.663 Thread 0x000001fbf7f3e810 DEOPT PACKING pc=0x000001fbe7199c2c sp=0x000000f137efe620
Event: 337.663 Thread 0x000001fbf7f3e810 DEOPT UNPACKING pc=0x000001fbe6413a9c sp=0x000000f137efe5b8 mode 2
Event: 337.833 Thread 0x000001fbf7f3e810 Uncommon trap: trap_request=0xffffff45 fr.pc=0x000001fbe719d880 relative=0x00000000000016a0
Event: 337.833 Thread 0x000001fbf7f3e810 Uncommon trap: reason=unstable_if action=reinterpret pc=0x000001fbe719d880 method=org.eclipse.jdt.internal.compiler.parser.Parser.consumeToken(Lorg/eclipse/jdt/internal/compiler/parser/TerminalToken;)V @ 8 c2
Event: 337.833 Thread 0x000001fbf7f3e810 DEOPT PACKING pc=0x000001fbe719d880 sp=0x000000f137efe6c0
Event: 337.833 Thread 0x000001fbf7f3e810 DEOPT UNPACKING pc=0x000001fbe6413a9c sp=0x000000f137efe668 mode 2
Event: 427.190 Thread 0x000001fbf7e602e0 Uncommon trap: trap_request=0xffffff45 fr.pc=0x000001fbe6bcb93c relative=0x00000000000001fc
Event: 427.194 Thread 0x000001fbf7e602e0 Uncommon trap: reason=unstable_if action=reinterpret pc=0x000001fbe6bcb93c method=java.net.URI.equal(Ljava/lang/String;Ljava/lang/String;)Z @ 10 c2
Event: 427.202 Thread 0x000001fbf7e602e0 DEOPT PACKING pc=0x000001fbe6bcb93c sp=0x000000f1384ff070
Event: 427.214 Thread 0x000001fbf7e602e0 DEOPT UNPACKING pc=0x000001fbe6413a9c sp=0x000000f1384ff000 mode 2
Event: 559.706 Thread 0x000001fbf7e602e0 Uncommon trap: trap_request=0xffffff45 fr.pc=0x000001fbe6bcc288 relative=0x00000000000002c8
Event: 559.893 Thread 0x000001fbf7e602e0 Uncommon trap: reason=unstable_if action=reinterpret pc=0x000001fbe6bcc288 method=java.net.URI.percentNormalizedComparison(Ljava/lang/String;Ljava/lang/String;Z)I @ 21 c2
Event: 559.893 Thread 0x000001fbf7e602e0 DEOPT PACKING pc=0x000001fbe6bcc288 sp=0x000000f1384fefd0
Event: 560.027 Thread 0x000001fbf7e602e0 DEOPT UNPACKING pc=0x000001fbe6413a9c sp=0x000000f1384fef58 mode 2
Event: 1276.186 Thread 0x000001fbf7f3e810 Uncommon trap: trap_request=0xffffff45 fr.pc=0x000001fbe71c9594 relative=0x0000000000000834
Event: 1276.189 Thread 0x000001fbf7f3e810 Uncommon trap: reason=unstable_if action=reinterpret pc=0x000001fbe71c9594 method=org.eclipse.core.internal.utils.StringPool.add(Ljava/lang/String;)Ljava/lang/String; @ 1 c2
Event: 1276.189 Thread 0x000001fbf7f3e810 DEOPT PACKING pc=0x000001fbe71c9594 sp=0x000000f137efec00
Event: 1276.194 Thread 0x000001fbf7f3e810 DEOPT UNPACKING pc=0x000001fbe6413a9c sp=0x000000f137efebd8 mode 2
Event: 2067.385 Thread 0x000001fbf7e602e0 DEOPT PACKING pc=0x000001fbe09df541 sp=0x000000f1384feba0
Event: 2067.395 Thread 0x000001fbf7e602e0 DEOPT UNPACKING pc=0x000001fbe6414223 sp=0x000000f1384fe080 mode 0

Classes loaded (20 events):
Event: 330.055 Loading class java/util/AbstractList$SubList$1
Event: 330.056 Loading class java/util/AbstractList$SubList$1 done
Event: 336.330 Loading class java/nio/file/Files$2
Event: 336.333 Loading class java/nio/file/Files$2 done
Event: 337.293 Loading class java/util/stream/ReferencePipeline$4
Event: 337.296 Loading class java/util/stream/ReferencePipeline$4 done
Event: 337.297 Loading class java/util/stream/Nodes$IntFixedNodeBuilder
Event: 337.298 Loading class java/util/stream/Node$Builder$OfInt
Event: 337.300 Loading class java/util/stream/Node$Builder$OfInt done
Event: 337.300 Loading class java/util/stream/Nodes$IntArrayNode
Event: 337.301 Loading class java/util/stream/DistinctOps
Event: 337.302 Loading class java/util/stream/DistinctOps done
Event: 337.302 Loading class java/util/stream/DistinctOps$1
Event: 337.302 Loading class java/util/stream/Nodes$IntArrayNode done
Event: 337.303 Loading class java/util/stream/Nodes$IntFixedNodeBuilder done
Event: 337.303 Loading class java/util/stream/DistinctOps$1 done
Event: 337.312 Loading class java/util/stream/ReferencePipeline$4$1
Event: 337.313 Loading class java/util/stream/ReferencePipeline$4$1 done
Event: 337.320 Loading class java/util/stream/DistinctOps$1$2
Event: 337.320 Loading class java/util/stream/DistinctOps$1$2 done

Classes unloaded (7 events):
Event: 74.064 Thread 0x000001fbf260c990 Unloading class 0x000001fb811a4800 'java/lang/invoke/LambdaForm$MH+0x000001fb811a4800'
Event: 74.064 Thread 0x000001fbf260c990 Unloading class 0x000001fb811a4400 'java/lang/invoke/LambdaForm$MH+0x000001fb811a4400'
Event: 74.064 Thread 0x000001fbf260c990 Unloading class 0x000001fb811a4000 'java/lang/invoke/LambdaForm$MH+0x000001fb811a4000'
Event: 74.064 Thread 0x000001fbf260c990 Unloading class 0x000001fb811a3c00 'java/lang/invoke/LambdaForm$MH+0x000001fb811a3c00'
Event: 74.064 Thread 0x000001fbf260c990 Unloading class 0x000001fb811a3800 'java/lang/invoke/LambdaForm$BMH+0x000001fb811a3800'
Event: 74.064 Thread 0x000001fbf260c990 Unloading class 0x000001fb811a3400 'java/lang/invoke/LambdaForm$DMH+0x000001fb811a3400'
Event: 74.064 Thread 0x000001fbf260c990 Unloading class 0x000001fb811a2000 'java/lang/invoke/LambdaForm$DMH+0x000001fb811a2000'

Classes redefined (0 events):
No events

Internal exceptions (20 events):
Event: 323.672 Thread 0x000001fbf88711b0 Exception <a 'sun/nio/fs/WindowsException'{0x00000000d5905cf0}> (0x00000000d5905cf0) 
thrown [s\src\hotspot\share\prims\jni.cpp, line 520]
Event: 323.672 Thread 0x000001fbf88711b0 Exception <a 'sun/nio/fs/WindowsException'{0x00000000d591dce0}> (0x00000000d591dce0) 
thrown [s\src\hotspot\share\prims\jni.cpp, line 520]
Event: 323.673 Thread 0x000001fbf88711b0 Exception <a 'sun/nio/fs/WindowsException'{0x00000000d591f6d8}> (0x00000000d591f6d8) 
thrown [s\src\hotspot\share\prims\jni.cpp, line 520]
Event: 323.673 Thread 0x000001fbf88711b0 Exception <a 'sun/nio/fs/WindowsException'{0x00000000d591ffe0}> (0x00000000d591ffe0) 
thrown [s\src\hotspot\share\prims\jni.cpp, line 520]
Event: 323.689 Thread 0x000001fbf88711b0 Exception <a 'sun/nio/fs/WindowsException'{0x00000000d5950628}> (0x00000000d5950628) 
thrown [s\src\hotspot\share\prims\jni.cpp, line 520]
Event: 323.689 Thread 0x000001fbf88711b0 Exception <a 'sun/nio/fs/WindowsException'{0x00000000d5950f98}> (0x00000000d5950f98) 
thrown [s\src\hotspot\share\prims\jni.cpp, line 520]
Event: 331.090 Thread 0x000001fbf7e64480 Exception <a 'sun/nio/fs/WindowsException'{0x00000000d592ddc8}> (0x00000000d592ddc8) 
thrown [s\src\hotspot\share\prims\jni.cpp, line 520]
Event: 331.090 Thread 0x000001fbf7e64480 Exception <a 'sun/nio/fs/WindowsException'{0x00000000d593c0a0}> (0x00000000d593c0a0) 
thrown [s\src\hotspot\share\prims\jni.cpp, line 520]
Event: 331.144 Thread 0x000001fbf7f3e810 Implicit null exception at 0x000001fbe6bd8dff to 0x000001fbe6bd8fa9
Event: 331.833 Thread 0x000001fbf886d010 Exception <a 'java/lang/IncompatibleClassChangeError'{0x00000000d5980040}: Found class java.lang.Object, but interface was expected> (0x00000000d5980040) 
thrown [s\src\hotspot\share\interpreter\linkResolver.cpp, line 840]
Event: 336.961 Thread 0x000001fbf7f3e810 Implicit null exception at 0x000001fbe6a57947 to 0x000001fbe6a57e6c
Event: 336.997 Thread 0x000001fbf7f3e810 Exception <a 'java/lang/NoSuchMethodError'{0x00000000d55c9f98}: 'java.lang.Object java.lang.invoke.DirectMethodHandle$Holder.invokeStatic(java.lang.Object, java.lang.Object, int, java.lang.Object)'> (0x00000000d55c9f98) 
thrown [s\src\hotspot\share\interpreter\linkResolver.cpp, line 773]
Event: 336.998 Thread 0x000001fbf7f3e810 Exception <a 'java/lang/NoSuchMethodError'{0x00000000d55d0aa8}: 'java.lang.Object java.lang.invoke.DirectMethodHandle$Holder.newInvokeSpecial(java.lang.Object, java.lang.Object, int)'> (0x00000000d55d0aa8) 
thrown [s\src\hotspot\share\interpreter\linkResolver.cpp, line 773]
Event: 434.371 Thread 0x000001fbf7e64480 Exception <a 'sun/nio/fs/WindowsException'{0x00000000d59f1fa8}> (0x00000000d59f1fa8) 
thrown [s\src\hotspot\share\prims\jni.cpp, line 520]
Event: 434.388 Thread 0x000001fbf7e64480 Exception <a 'sun/nio/fs/WindowsException'{0x00000000d5b56ee0}> (0x00000000d5b56ee0) 
thrown [s\src\hotspot\share\prims\jni.cpp, line 520]
Event: 435.060 Thread 0x000001fbf7e64480 Exception <a 'sun/nio/fs/WindowsException'{0x00000000d5b71d20}> (0x00000000d5b71d20) 
thrown [s\src\hotspot\share\prims\jni.cpp, line 520]
Event: 435.060 Thread 0x000001fbf7e64480 Exception <a 'sun/nio/fs/WindowsException'{0x00000000d5b723e0}> (0x00000000d5b723e0) 
thrown [s\src\hotspot\share\prims\jni.cpp, line 520]
Event: 460.582 Thread 0x000001fbf7e64480 Exception <a 'sun/nio/fs/WindowsException'{0x00000000d5611900}> (0x00000000d5611900) 
thrown [s\src\hotspot\share\prims\jni.cpp, line 520]
Event: 460.582 Thread 0x000001fbf7e64480 Exception <a 'sun/nio/fs/WindowsException'{0x00000000d5611fc0}> (0x00000000d5611fc0) 
thrown [s\src\hotspot\share\prims\jni.cpp, line 520]
Event: 1276.173 Thread 0x000001fbf7f3e810 Implicit null exception at 0x000001fbe71c8da4 to 0x000001fbe71c9584

ZGC Phase Switch (0 events):
No events

VM Operations (20 events):
Event: 2638.595 Executing safepoint VM operation: ParallelGCFailedAllocation (Allocation Failure)
Event: 2639.204 Executing safepoint VM operation: ParallelGCFailedAllocation (Allocation Failure) done
Event: 2770.233 Executing non-safepoint VM operation: HandshakeAllThreads (HandshakeForDeflation)
Event: 2770.237 Executing non-safepoint VM operation: HandshakeAllThreads (HandshakeForDeflation) done
Event: 2770.239 Executing non-safepoint VM operation: RendezvousGCThreads
Event: 2770.239 Executing non-safepoint VM operation: RendezvousGCThreads done
Event: 3079.735 Executing safepoint VM operation: Cleanup
Event: 3079.739 Executing safepoint VM operation: Cleanup done
Event: 3131.556 Executing non-safepoint VM operation: HandshakeAllThreads (HandshakeForDeflation)
Event: 3131.557 Executing non-safepoint VM operation: HandshakeAllThreads (HandshakeForDeflation) done
Event: 3131.557 Executing non-safepoint VM operation: RendezvousGCThreads
Event: 3131.557 Executing non-safepoint VM operation: RendezvousGCThreads done
Event: 3432.181 Executing non-safepoint VM operation: HandshakeAllThreads (HandshakeForDeflation)
Event: 3432.185 Executing non-safepoint VM operation: HandshakeAllThreads (HandshakeForDeflation) done
Event: 3432.186 Executing non-safepoint VM operation: RendezvousGCThreads
Event: 3432.186 Executing non-safepoint VM operation: RendezvousGCThreads done
Event: 3492.301 Executing non-safepoint VM operation: HandshakeAllThreads (HandshakeForDeflation)
Event: 3492.312 Executing non-safepoint VM operation: HandshakeAllThreads (HandshakeForDeflation) done
Event: 3492.313 Executing non-safepoint VM operation: RendezvousGCThreads
Event: 3492.313 Executing non-safepoint VM operation: RendezvousGCThreads done

Memory protections (0 events):
No events

Nmethod flushes (20 events):
Event: 182.647 Thread 0x000001fbf260c990 flushing  nmethod 0x000001fbdf8b1410
Event: 182.647 Thread 0x000001fbf260c990 flushing  nmethod 0x000001fbdf8cce90
Event: 182.648 Thread 0x000001fbf260c990 flushing  nmethod 0x000001fbdf8d2c10
Event: 182.648 Thread 0x000001fbf260c990 flushing  nmethod 0x000001fbdf8d9910
Event: 182.648 Thread 0x000001fbf260c990 flushing  nmethod 0x000001fbdf8daf90
Event: 182.648 Thread 0x000001fbf260c990 flushing  nmethod 0x000001fbdf8dd490
Event: 182.648 Thread 0x000001fbf260c990 flushing  nmethod 0x000001fbdf8f1310
Event: 182.648 Thread 0x000001fbf260c990 flushing  nmethod 0x000001fbdf8f6510
Event: 182.648 Thread 0x000001fbf260c990 flushing  nmethod 0x000001fbdf8f6b10
Event: 182.648 Thread 0x000001fbf260c990 flushing  nmethod 0x000001fbdf8f6e90
Event: 182.648 Thread 0x000001fbf260c990 flushing  nmethod 0x000001fbdf8f7210
Event: 182.648 Thread 0x000001fbf260c990 flushing  nmethod 0x000001fbdf8fbc10
Event: 182.648 Thread 0x000001fbf260c990 flushing  nmethod 0x000001fbdf92b110
Event: 182.648 Thread 0x000001fbf260c990 flushing  nmethod 0x000001fbdf92c190
Event: 182.648 Thread 0x000001fbf260c990 flushing  nmethod 0x000001fbdf951d90
Event: 182.648 Thread 0x000001fbf260c990 flushing  nmethod 0x000001fbdf955f10
Event: 182.648 Thread 0x000001fbf260c990 flushing  nmethod 0x000001fbdf956510
Event: 182.648 Thread 0x000001fbf260c990 flushing  nmethod 0x000001fbdf956d90
Event: 182.648 Thread 0x000001fbf260c990 flushing  nmethod 0x000001fbdf957a10
Event: 182.648 Thread 0x000001fbf260c990 flushing  nmethod 0x000001fbdf958710

Events (20 events):
Event: 316.774 Thread 0x000001fbf886e3c0 Thread exited: 0x000001fbf886e3c0
Event: 317.181 Thread 0x000001fbf7f3e180 Thread exited: 0x000001fbf7f3e180
Event: 317.391 Thread 0x000001fbf7e630d0 Thread added: 0x000001fbf886b5d0
Event: 317.525 Thread 0x000001fbf886b5d0 Thread exited: 0x000001fbf886b5d0
Event: 320.175 Thread 0x000001fbf7e630d0 Thread added: 0x000001fbf886fe00
Event: 320.655 Thread 0x000001fbf7e630d0 Thread added: 0x000001fbf886b5d0
Event: 320.788 Thread 0x000001fbf886b5d0 Thread exited: 0x000001fbf886b5d0
Event: 330.062 Thread 0x000001fbf7f3d460 Thread added: 0x000001fbf886d6a0
Event: 330.370 Thread 0x000001fbf7e630d0 Thread added: 0x000001fbf886d010
Event: 330.451 Thread 0x000001fbf886fe00 Thread exited: 0x000001fbf886fe00
Event: 330.468 Thread 0x000001fbf88711b0 Thread exited: 0x000001fbf88711b0
Event: 330.854 Thread 0x000001fbf7e630d0 Thread added: 0x000001fbf886dd30
Event: 333.323 Thread 0x000001fbf886dd30 Thread exited: 0x000001fbf886dd30
Event: 337.748 Thread 0x000001fbf886d010 Thread exited: 0x000001fbf886d010
Event: 392.078 Thread 0x000001fbf7e65ec0 Thread exited: 0x000001fbf7e65ec0
Event: 426.162 Thread 0x000001fbf7e630d0 Thread added: 0x000001fbf886dd30
Event: 430.896 Thread 0x000001fbf7f3d460 Thread exited: 0x000001fbf7f3d460
Event: 433.377 Thread 0x000001fbf886dd30 Thread exited: 0x000001fbf886dd30
Event: 483.944 Thread 0x000001fbf7f3c0b0 Thread exited: 0x000001fbf7f3c0b0
Event: 547.313 Thread 0x000001fbf7e64480 Thread exited: 0x000001fbf7e64480


Dynamic libraries:
0x00007ff72a6a0000 - 0x00007ff72a6ae000 	c:\Users\danyl\.vscode\extensions\redhat.java-1.53.0-win32-x64\jre\21.0.10-win32-x86_64\bin\java.exe
0x00007ff9cd930000 - 0x00007ff9cdb28000 	C:\Windows\SYSTEM32\ntdll.dll
0x00007ff9cd510000 - 0x00007ff9cd5d2000 	C:\Windows\System32\KERNEL32.DLL
0x00007ff9cb4f0000 - 0x00007ff9cb7e6000 	C:\Windows\System32\KERNELBASE.dll
0x00007ff9cb3f0000 - 0x00007ff9cb4f0000 	C:\Windows\System32\ucrtbase.dll
0x00007ff9c6240000 - 0x00007ff9c6258000 	c:\Users\danyl\.vscode\extensions\redhat.java-1.53.0-win32-x64\jre\21.0.10-win32-x86_64\bin\jli.dll
0x00007ff9cd740000 - 0x00007ff9cd8e1000 	C:\Windows\System32\USER32.dll
0x00007ff9cafc0000 - 0x00007ff9cafe2000 	C:\Windows\System32\win32u.dll
0x00007ff9cc4d0000 - 0x00007ff9cc4fb000 	C:\Windows\System32\GDI32.dll
0x00007ff9cb0d0000 - 0x00007ff9cb1e9000 	C:\Windows\System32\gdi32full.dll
0x00007ff9cb2a0000 - 0x00007ff9cb33d000 	C:\Windows\System32\msvcp_win.dll
0x00007ff9c6220000 - 0x00007ff9c623e000 	c:\Users\danyl\.vscode\extensions\redhat.java-1.53.0-win32-x64\jre\21.0.10-win32-x86_64\bin\VCRUNTIME140.dll
0x00007ff9bd1c0000 - 0x00007ff9bd45b000 	C:\Windows\WinSxS\amd64_microsoft.windows.common-controls_6595b64144ccf1df_6.0.19041.6456_none_60b8a6cb71f64256\COMCTL32.dll
0x00007ff9cb950000 - 0x00007ff9cb9ee000 	C:\Windows\System32\msvcrt.dll
0x00007ff9cd4d0000 - 0x00007ff9cd4ff000 	C:\Windows\System32\IMM32.DLL
0x00007ff9c8430000 - 0x00007ff9c843c000 	c:\Users\danyl\.vscode\extensions\redhat.java-1.53.0-win32-x64\jre\21.0.10-win32-x86_64\bin\vcruntime140_1.dll
0x00007ff9c0580000 - 0x00007ff9c060d000 	c:\Users\danyl\.vscode\extensions\redhat.java-1.53.0-win32-x64\jre\21.0.10-win32-x86_64\bin\msvcp140.dll
0x00007ff98cab0000 - 0x00007ff98d851000 	c:\Users\danyl\.vscode\extensions\redhat.java-1.53.0-win32-x64\jre\21.0.10-win32-x86_64\bin\server\jvm.dll
0x00007ff9cca00000 - 0x00007ff9ccab1000 	C:\Windows\System32\ADVAPI32.dll
0x00007ff9cc070000 - 0x00007ff9cc10f000 	C:\Windows\System32\sechost.dll
0x00007ff9cba70000 - 0x00007ff9cbb90000 	C:\Windows\System32\RPCRT4.dll
0x00007ff9cb1f0000 - 0x00007ff9cb217000 	C:\Windows\System32\bcrypt.dll
0x00007ff9cc000000 - 0x00007ff9cc06b000 	C:\Windows\System32\WS2_32.dll
0x00007ff9cae20000 - 0x00007ff9cae6b000 	C:\Windows\SYSTEM32\POWRPROF.dll
0x00007ff9c0ec0000 - 0x00007ff9c0ee7000 	C:\Windows\SYSTEM32\WINMM.dll
0x00007ff9bd750000 - 0x00007ff9bd75a000 	C:\Windows\SYSTEM32\VERSION.dll
0x00007ff9cae00000 - 0x00007ff9cae12000 	C:\Windows\SYSTEM32\UMPDC.dll
0x00007ff9c8e10000 - 0x00007ff9c8e22000 	C:\Windows\SYSTEM32\kernel.appcore.dll
0x00007ff9c62c0000 - 0x00007ff9c62ca000 	c:\Users\danyl\.vscode\extensions\redhat.java-1.53.0-win32-x64\jre\21.0.10-win32-x86_64\bin\jimage.dll
0x00007ff9c5ac0000 - 0x00007ff9c5cc1000 	C:\Windows\SYSTEM32\DBGHELP.DLL
0x00007ff9c5880000 - 0x00007ff9c58b4000 	C:\Windows\SYSTEM32\dbgcore.DLL
0x00007ff9cb040000 - 0x00007ff9cb0c2000 	C:\Windows\System32\bcryptPrimitives.dll
0x00007ff9c6210000 - 0x00007ff9c621f000 	c:\Users\danyl\.vscode\extensions\redhat.java-1.53.0-win32-x64\jre\21.0.10-win32-x86_64\bin\instrument.dll
0x00007ff9c61f0000 - 0x00007ff9c6210000 	c:\Users\danyl\.vscode\extensions\redhat.java-1.53.0-win32-x64\jre\21.0.10-win32-x86_64\bin\java.dll
0x00007ff9ccac0000 - 0x00007ff9cd230000 	C:\Windows\System32\SHELL32.dll
0x00007ff9c9010000 - 0x00007ff9c97b5000 	C:\Windows\SYSTEM32\windows.storage.dll
0x00007ff9cc500000 - 0x00007ff9cc854000 	C:\Windows\System32\combase.dll
0x00007ff9ca830000 - 0x00007ff9ca85b000 	C:\Windows\SYSTEM32\Wldp.dll
0x00007ff9cc240000 - 0x00007ff9cc30d000 	C:\Windows\System32\OLEAUT32.dll
0x00007ff9cc310000 - 0x00007ff9cc3bd000 	C:\Windows\System32\SHCORE.dll
0x00007ff9cc940000 - 0x00007ff9cc99b000 	C:\Windows\System32\shlwapi.dll
0x00007ff9caef0000 - 0x00007ff9caf14000 	C:\Windows\SYSTEM32\profapi.dll
0x00007ff9c61d0000 - 0x00007ff9c61e8000 	c:\Users\danyl\.vscode\extensions\redhat.java-1.53.0-win32-x64\jre\21.0.10-win32-x86_64\bin\zip.dll
0x00007ff9c61c0000 - 0x00007ff9c61d0000 	C:\Users\danyl\.vscode\extensions\redhat.java-1.53.0-win32-x64\jre\21.0.10-win32-x86_64\bin\net.dll
0x00007ff9c3230000 - 0x00007ff9c333a000 	C:\Windows\SYSTEM32\WINHTTP.dll
0x00007ff9ca610000 - 0x00007ff9ca67a000 	C:\Windows\system32\mswsock.dll
0x00007ff9c0560000 - 0x00007ff9c0576000 	C:\Users\danyl\.vscode\extensions\redhat.java-1.53.0-win32-x64\jre\21.0.10-win32-x86_64\bin\nio.dll
0x00007ff9c61b0000 - 0x00007ff9c61c0000 	c:\Users\danyl\.vscode\extensions\redhat.java-1.53.0-win32-x64\jre\21.0.10-win32-x86_64\bin\verify.dll
0x00007ff9b52b0000 - 0x00007ff9b52f5000 	C:\Users\danyl\AppData\Roaming\Code\User\globalStorage\redhat.java\1.53.0\config_win\org.eclipse.equinox.launcher\org.eclipse.equinox.launcher.win32.win32.x86_64_1.3.0.v20260203-2149\eclipse_11919.dll
0x00007ff9cc110000 - 0x00007ff9cc23b000 	C:\Windows\System32\ole32.dll
0x00007ff9caa10000 - 0x00007ff9caa28000 	C:\Windows\SYSTEM32\CRYPTSP.dll
0x00007ff9c9f50000 - 0x00007ff9c9f88000 	C:\Windows\system32\rsaenh.dll
0x00007ff9cae70000 - 0x00007ff9cae9e000 	C:\Windows\SYSTEM32\USERENV.dll
0x00007ff9ca7a0000 - 0x00007ff9ca7ac000 	C:\Windows\SYSTEM32\CRYPTBASE.dll
0x00007ff9ca310000 - 0x00007ff9ca34b000 	C:\Windows\SYSTEM32\IPHLPAPI.DLL
0x00007ff9cd610000 - 0x00007ff9cd618000 	C:\Windows\System32\NSI.dll
0x00007ff9b4f20000 - 0x00007ff9b4f69000 	C:\Users\danyl\AppData\Local\Temp\jna--1191932217\jna6841393530477474311.dll
0x00007ff9cd600000 - 0x00007ff9cd608000 	C:\Windows\System32\PSAPI.DLL
0x00007ff9c4f90000 - 0x00007ff9c4fa7000 	C:\Windows\SYSTEM32\dhcpcsvc6.DLL
0x00007ff9c4f70000 - 0x00007ff9c4f8d000 	C:\Windows\SYSTEM32\dhcpcsvc.DLL
0x00007ff9c8620000 - 0x00007ff9c862e000 	C:\Users\danyl\.vscode\extensions\redhat.java-1.53.0-win32-x64\jre\21.0.10-win32-x86_64\bin\sunmscapi.dll
0x00007ff9cb7f0000 - 0x00007ff9cb94d000 	C:\Windows\System32\CRYPT32.dll
0x00007ff9ca8a0000 - 0x00007ff9ca8c7000 	C:\Windows\SYSTEM32\ncrypt.dll
0x00007ff9ca860000 - 0x00007ff9ca89b000 	C:\Windows\SYSTEM32\NTASN1.dll
0x00007ff9ca350000 - 0x00007ff9ca41a000 	C:\Windows\SYSTEM32\DNSAPI.dll
0x00007ff9c3470000 - 0x00007ff9c347a000 	C:\Windows\System32\rasadhlp.dll
0x00007ff9c3890000 - 0x00007ff9c3910000 	C:\Windows\System32\fwpuclnt.dll
0x00007ff9c6180000 - 0x00007ff9c6189000 	C:\Users\danyl\.vscode\extensions\redhat.java-1.53.0-win32-x64\jre\21.0.10-win32-x86_64\bin\extnet.dll

JVMTI agents:
c:\Users\danyl\.vscode\extensions\redhat.java-1.53.0-win32-x64\lombok\lombok-1.18.39-4050.jar path:c:\Users\danyl\.vscode\extensions\redhat.java-1.53.0-win32-x64\jre\21.0.10-win32-x86_64\bin\instrument.dll, loaded, initialized, instrumentlib options:none

dbghelp: loaded successfully - version: 4.0.5 - missing functions: none
symbol engine: initialized successfully - sym options: 0x614 - pdb path: .;c:\Users\danyl\.vscode\extensions\redhat.java-1.53.0-win32-x64\jre\21.0.10-win32-x86_64\bin;C:\Windows\SYSTEM32;C:\Windows\WinSxS\amd64_microsoft.windows.common-controls_6595b64144ccf1df_6.0.19041.6456_none_60b8a6cb71f64256;c:\Users\danyl\.vscode\extensions\redhat.java-1.53.0-win32-x64\jre\21.0.10-win32-x86_64\bin\server;C:\Users\danyl\AppData\Roaming\Code\User\globalStorage\redhat.java\1.53.0\config_win\org.eclipse.equinox.launcher\org.eclipse.equinox.launcher.win32.win32.x86_64_1.3.0.v20260203-2149;C:\Users\danyl\AppData\Local\Temp\jna--1191932217

VM Arguments:
jvm_args: --add-modules=ALL-SYSTEM --add-opens=java.base/java.util=ALL-UNNAMED --add-opens=java.base/java.lang=ALL-UNNAMED --add-opens=java.base/sun.nio.fs=ALL-UNNAMED -Declipse.application=org.eclipse.jdt.ls.core.id1 -Dosgi.bundles.defaultStartLevel=4 -Declipse.product=org.eclipse.jdt.ls.core.product -Djava.import.generatesMetadataFilesAtProjectRoot=false -DDetectVMInstallationsJob.disabled=true -Dfile.encoding=utf8 -XX:+UseParallelGC -XX:GCTimeRatio=4 -XX:AdaptiveSizePolicyWeight=90 -Dsun.zip.disableMemoryMapping=true -Xmx2G -Xms100m -Xlog:disable -javaagent:c:\Users\danyl\.vscode\extensions\redhat.java-1.53.0-win32-x64\lombok\lombok-1.18.39-4050.jar -XX:+HeapDumpOnOutOfMemoryError -XX:HeapDumpPath=c:\Users\danyl\AppData\Roaming\Code\User\workspaceStorage\ce1606f5e781330cebca69eeea3814ad\redhat.java -Daether.dependencyCollector.impl=bf 
java_command: c:\Users\danyl\.vscode\extensions\redhat.java-1.53.0-win32-x64\server\plugins\org.eclipse.equinox.launcher_1.7.100.v20251111-0406.jar -configuration c:\Users\danyl\AppData\Roaming\Code\User\globalStorage\redhat.java\1.53.0\config_win -data c:\Users\danyl\AppData\Roaming\Code\User\workspaceStorage\ce1606f5e781330cebca69eeea3814ad\redhat.java\jdt_ws --pipe=\\.\pipe\lsp-d1c8d1b7f93f741f5df925eec6cd5fca-sock
java_class_path (initial): c:\Users\danyl\.vscode\extensions\redhat.java-1.53.0-win32-x64\server\plugins\org.eclipse.equinox.launcher_1.7.100.v20251111-0406.jar
Launcher Type: SUN_STANDARD

[Global flags]
    uintx AdaptiveSizePolicyWeight                 = 90                                        {product} {command line}
     intx CICompilerCount                          = 2                                         {product} {ergonomic}
    uintx GCTimeRatio                              = 4                                         {product} {command line}
     bool HeapDumpOnOutOfMemoryError               = true                                   {manageable} {command line}
    ccstr HeapDumpPath                             = c:\Users\danyl\AppData\Roaming\Code\User\workspaceStorage\ce1606f5e781330cebca69eeea3814ad\redhat.java         {manageable} {command line}
   size_t InitialHeapSize                          = 104857600                                 {product} {command line}
   size_t MaxHeapSize                              = 2147483648                                {product} {command line}
   size_t MaxNewSize                               = 715653120                                 {product} {ergonomic}
   size_t MinHeapDeltaBytes                        = 524288                                    {product} {ergonomic}
   size_t MinHeapSize                              = 104857600                                 {product} {command line}
   size_t NewSize                                  = 34603008                                  {product} {ergonomic}
    uintx NonNMethodCodeHeapSize                   = 5826188                                {pd product} {ergonomic}
    uintx NonProfiledCodeHeapSize                  = 122916026                              {pd product} {ergonomic}
   size_t OldSize                                  = 70254592                                  {product} {ergonomic}
    uintx ProfiledCodeHeapSize                     = 122916026                              {pd product} {ergonomic}
    uintx ReservedCodeCacheSize                    = 251658240                              {pd product} {ergonomic}
     bool SegmentedCodeCache                       = true                                      {product} {ergonomic}
   size_t SoftMaxHeapSize                          = 2147483648                             {manageable} {ergonomic}
     bool UseCompressedOops                        = true                           {product lp64_product} {ergonomic}
     bool UseLargePagesIndividualAllocation        = false                                  {pd product} {ergonomic}
     bool UseParallelGC                            = true                                      {product} {command line}

Logging:
Log output configuration:
 #0: stdout all=off uptime,level,tags foldmultilines=false
 #1: stderr all=off uptime,level,tags foldmultilines=false

Release file:
JAVA_VERSION="21.0.10" 
MODULES="java.base java.compiler java.datatransfer java.xml java.prefs java.desktop java.instrument java.logging java.management java.security.sasl java.naming java.rmi java.management.rmi java.net.http java.scripting java.security.jgss java.transaction.xa java.sql java.sql.rowset java.xml.crypto java.se java.smartcardio jdk.accessibility jdk.internal.jvmstat jdk.attach jdk.charsets jdk.internal.opt jdk.zipfs jdk.compiler jdk.crypto.ec jdk.crypto.cryptoki jdk.crypto.mscapi jdk.dynalink jdk.internal.ed jdk.editpad jdk.hotspot.agent jdk.httpserver jdk.internal.le jdk.internal.vm.ci jdk.internal.vm.compiler jdk.internal.vm.compiler.management jdk.jartool jdk.javadoc jdk.jcmd jdk.management jdk.management.agent jdk.jconsole jdk.jdeps jdk.jdwp.agent jdk.jdi jdk.jfr jdk.jshell jdk.jsobject jdk.jstatd jdk.localedata jdk.management.jfr jdk.naming.dns jdk.naming.rmi jdk.net jdk.nio.mapmode jdk.random jdk.sctp jdk.security.auth jdk.security.jgss jdk.unsupported jdk.unsupported.desktop jdk.xml.dom" 

Environment Variables:
JAVA_HOME=C:\Users\danyl\OneDrive\Documents\jdk-21.0.10
PATH=C:\Users\danyl\AppData\Local\Programs\Microsoft VS Code;C:\Program Files (x86)\NVIDIA Corporation\PhysX\Common;C:\Windows\system32;C:\Windows;C:\Windows\System32\Wbem;C:\Windows\System32\WindowsPowerShell\v1.0\;C:\Windows\System32\OpenSSH\;C:\Program Files (x86)\Intel\OpenCL SDK\2.0\bin\x86;C:\Program Files (x86)\Intel\OpenCL SDK\2.0\bin\x64;C:\Users\danyl\OneDrive\Documents\jdk-21.0.10\bin;C:\Program Files\Docker\Docker\resources\bin;C:\Program Files\Git\cmd;C:\Program Files\nodejs\;C:\Users\danyl\AppData\Local\Microsoft\WindowsApps;C:\Users\danyl\AppData\Local\Programs\Microsoft VS Code\bin;C:\Users\danyl\AppData\Roaming\npm
USERNAME=Danyllo
OS=Windows_NT
PROCESSOR_IDENTIFIER=Intel64 Family 6 Model 42 Stepping 7, GenuineIntel
TMP=C:\Users\danyl\AppData\Local\Temp
TEMP=C:\Users\danyl\AppData\Local\Temp




Periodic native trim disabled

---------------  S Y S T E M  ---------------

OS:
 Windows 10 , 64 bit Build 19041 (10.0.19041.5915)
OS uptime: 2 days 15:48 hours
Hyper-V role detected

CPU: total 2 (initial active 2) (2 cores per cpu, 1 threads per core) family 6 model 42 stepping 7 microcode 0x2f, cx8, cmov, fxsr, mmx, sse, sse2, sse3, ssse3, sse4.1, sse4.2, popcnt, tsc, tscinvbit, clmul, clflush, hv, rdtscp
Processor Information for the first 2 processors :
  Max Mhz: 2600, Current Mhz: 2600, Mhz Limit: 2600

Memory: 4k page, system-wide physical 3948M (169M free)
TotalPageFile size 16236M (AvailPageFile size 8M)
current process WorkingSet (physical memory assigned to process): 7M, peak: 247M
current process commit charge ("private bytes"): 373M, peak: 383M

vm_info: OpenJDK 64-Bit Server VM (21.0.10+7-LTS) for windows-amd64 JRE (21.0.10+7-LTS), built on 2026-01-20T00:00:00Z by "admin" with MS VC++ 17.12 (VS2022)

END.
